[35m[Appium][39m Welcome to Appium v1.22.3
[35m[Appium][39m Non-default server args:
[35m[Appium][39m   port: 61404
[35m[Appium][39m   loglevel: info
[35m[Appium][39m   tmpDir: C:\Users\MSI~1\AppData\Local\Temp\\Katalon\Appium\Temp1763346637987
[35m[Appium][39m Appium REST http interface listener started on 0.0.0.0:61404
[35m[HTTP][39m [37m-->[39m [37mGET[39m [37m/wd/hub/status[39m
[35m[HTTP][39m [90m{}[39m
[35m[HTTP][39m [37m<-- GET /wd/hub/status [39m[32m200[39m [90m6 ms - 68[39m
[35m[HTTP][39m [90m[39m
[35m[HTTP][39m [37m-->[39m [37mGET[39m [37m/wd/hub/status[39m
[35m[HTTP][39m [90m{}[39m
[35m[HTTP][39m [37m<-- GET /wd/hub/status [39m[32m200[39m [90m1 ms - 68[39m
[35m[HTTP][39m [90m[39m
[35m[HTTP][39m [37m-->[39m [37mPOST[39m [37m/wd/hub/session[39m
[35m[HTTP][39m [90m{"desiredCapabilities":{"appPackage":"com.android.settings","orientation":"PORTRAIT","noReset":true,"appWaitActivity":"*","deviceId":"127.0.0.1:5555","deviceName":"HUAWEI HPB-AN00 (Android 7.1.2)","appActivity":".Settings","newCommandTimeout":1800,"platformVersion":"7.1.2","automationName":"UiAutomator2","autoGrantPermissions":true,"forceAppLaunch":"true","platformName":"Android","udid":"127.0.0.1:5555","ignoreHiddenApiPolicyError":true,"systemPort":8277},"capabilities":{"firstMatch":[{"appium:appActivity":".Settings","appium:appPackage":"com.android.settings","appium:appWaitActivity":"*","appium:autoGrantPermissions":true,"appium:automationName":"UiAutomator2","deviceId":"127.0.0.1:5555","appium:deviceName":"HUAWEI HPB-AN00 (Android 7.1.2)","forceAppLaunch":"true","ignoreHiddenApiPolicyError":true,"appium:newCommandTimeout":1800,"appium:noReset":true,"appium:orientation":"PORTRAIT","platformName":"android","appium:platformVersion":"7.1.2","appium:systemPort":8277,"appium:udid":"127.0.0.1:5555"}]}}[39m
[35m[BaseDriver][39m The following capabilities are not standard capabilities and should have an extension prefix:
[35m[BaseDriver][39m   deviceId
[35m[BaseDriver][39m   forceAppLaunch
[35m[BaseDriver][39m   ignoreHiddenApiPolicyError
[35m[Appium][39m Appium v1.22.3 creating new AndroidUiautomator2Driver (v1.70.1) session
[35m[BaseDriver][39m The following capabilities were provided, but are not recognized by Appium:
[35m[BaseDriver][39m   deviceId
[35m[BaseDriver][39m   forceAppLaunch
[35m[BaseDriver][39m Session created with session id: 8e6ed75c-215a-4c50-8aca-4ad03aa0480f
[35m[UiAutomator2][39m Starting 'com.android.settings' directly on the device
[35m[ADB][39m Found 1 'build-tools' folders under 'C:\Users\M S I\.katalon\tools\android_sdk' (newest first):
[35m[ADB][39m     C:/Users/M S I/.katalon/tools/android_sdk/build-tools/29.0.3
[35m[ADB][39m Using 'adb.exe' from 'C:\Users\M S I\.katalon\tools\android_sdk\platform-tools\adb.exe'
[35m[AndroidDriver][39m Retrieving device list
[35m[AndroidDriver][39m Using device: 127.0.0.1:5555
[35m[ADB][39m Using 'adb.exe' from 'C:\Users\M S I\.katalon\tools\android_sdk\platform-tools\adb.exe'
[35m[AndroidDriver][39m No app sent in, not parsing package/activity
[35m[ADB][39m Using 'apksigner.jar' from 'C:\Users\M S I\.katalon\tools\android_sdk\build-tools\29.0.3\lib\apksigner.jar'
[35m[ADB][39m 'C:\Users\M S I\AppData\Roaming\npm\node_modules\appium\node_modules\appium-uiautomator2-server\apks\appium-uiautomator2-server-v4.27.0.apk' is signed with the default certificate
[35m[ADB][39m 'C:\Users\M S I\AppData\Roaming\npm\node_modules\appium\node_modules\appium-uiautomator2-server\apks\appium-uiautomator2-server-debug-androidTest.apk' is signed with the default certificate
[35m[UiAutomator2][39m Server packages are not going to be (re)installed
[35m[ADB][39m Adding packages ["io.appium.settings","io.appium.uiautomator2.server","io.appium.uiautomator2.server.test"] to Doze whitelist
[35m[UiAutomator2][39m Starting UIAutomator2 server 4.27.0
[35m[UiAutomator2][39m Using UIAutomator2 server from 'C:\Users\M S I\AppData\Roaming\npm\node_modules\appium\node_modules\appium-uiautomator2-server\apks\appium-uiautomator2-server-v4.27.0.apk' and test from 'C:\Users\M S I\AppData\Roaming\npm\node_modules\appium\node_modules\appium-uiautomator2-server\apks\appium-uiautomator2-server-debug-androidTest.apk'
[35m[UiAutomator2][39m Waiting up to 30000ms for UiAutomator2 to be online...
[35m[WD Proxy][39m socket hang up
[35m[WD Proxy][39m socket hang up
[35m[WD Proxy][39m Determined the downstream protocol as 'W3C'
[35m[AndroidDriver][39m Screen already unlocked, doing nothing
[35m[UiAutomator2][39m Starting 'com.android.settings/.Settings and waiting for 'com.android.settings/*'
[35m[Appium][39m New AndroidUiautomator2Driver session created successfully, session 8e6ed75c-215a-4c50-8aca-4ad03aa0480f added to master session list
[35m[HTTP][39m [37m<-- POST /wd/hub/session [39m[32m200[39m [90m9263 ms - 1398[39m
[35m[HTTP][39m [90m[39m
[35m[HTTP][39m [37m-->[39m [37mGET[39m [37m/wd/hub/session/8e6ed75c-215a-4c50-8aca-4ad03aa0480f[39m
[35m[HTTP][39m [90m{}[39m
[35m[HTTP][39m [37m<-- GET /wd/hub/session/8e6ed75c-215a-4c50-8aca-4ad03aa0480f [39m[32m200[39m [90m17 ms - 1352[39m
[35m[HTTP][39m [90m[39m
[35m[HTTP][39m [37m-->[39m [37mGET[39m [37m/wd/hub/session/8e6ed75c-215a-4c50-8aca-4ad03aa0480f[39m
[35m[HTTP][39m [90m{}[39m
[35m[HTTP][39m [37m<-- GET /wd/hub/session/8e6ed75c-215a-4c50-8aca-4ad03aa0480f [39m[32m200[39m [90m41 ms - 1352[39m
[35m[HTTP][39m [90m[39m
[35m[HTTP][39m [37m-->[39m [37mGET[39m [37m/wd/hub/status[39m
[35m[HTTP][39m [90m{}[39m
[35m[HTTP][39m [37m<-- GET /wd/hub/status [39m[32m200[39m [90m1 ms - 68[39m
[35m[HTTP][39m [90m[39m
[35m[HTTP][39m [37m-->[39m [37mPOST[39m [37m/wd/hub/session/8e6ed75c-215a-4c50-8aca-4ad03aa0480f/timeouts[39m
[35m[HTTP][39m [90m{"implicit":60000}[39m
[35m[HTTP][39m [37m<-- POST /wd/hub/session/8e6ed75c-215a-4c50-8aca-4ad03aa0480f/timeouts [39m[32m200[39m [90m6 ms - 14[39m
[35m[HTTP][39m [90m[39m
[35m[HTTP][39m [37m-->[39m [37mGET[39m [37m/wd/hub/session/8e6ed75c-215a-4c50-8aca-4ad03aa0480f/appium/device/system_bars[39m
[35m[HTTP][39m [90m{}[39m
[35m[HTTP][39m [37m<-- GET /wd/hub/session/8e6ed75c-215a-4c50-8aca-4ad03aa0480f/appium/device/system_bars [39m[31m500[39m [90m223 ms - 647[39m
[35m[HTTP][39m [90m[39m
[35m[HTTP][39m [37m-->[39m [37mPOST[39m [37m/wd/hub/session/8e6ed75c-215a-4c50-8aca-4ad03aa0480f/execute/sync[39m
[35m[HTTP][39m [90m{"script":"mobile:viewportRect","args":[]}[39m
[35m[AndroidDriver][39m Executing native command 'mobile:viewportRect'
[35m[HTTP][39m [37m<-- POST /wd/hub/session/8e6ed75c-215a-4c50-8aca-4ad03aa0480f/execute/sync [39m[32m200[39m [90m15 ms - 55[39m
[35m[HTTP][39m [90m[39m
[35m[HTTP][39m [37m-->[39m [37mPOST[39m [37m/wd/hub/session/8e6ed75c-215a-4c50-8aca-4ad03aa0480f/appium/device/activate_app[39m
[35m[HTTP][39m [90m{"bundleId":"com.algostudio.marketingprogram"}[39m
[35m[HTTP][39m [37m<-- POST /wd/hub/session/8e6ed75c-215a-4c50-8aca-4ad03aa0480f/appium/device/activate_app [39m[32m200[39m [90m1745 ms - 14[39m
[35m[HTTP][39m [90m[39m
[35m[HTTP][39m [37m-->[39m [37mGET[39m [37m/wd/hub/session/8e6ed75c-215a-4c50-8aca-4ad03aa0480f/source[39m
[35m[HTTP][39m [90m{}[39m
[35m[W3C (8e6ed75c)][39m Driver proxy active, passing request on via HTTP proxy
[35m[WD Proxy][39m Replacing sessionId 84b01d05-5e06-4007-aa5b-206143352873 with 8e6ed75c-215a-4c50-8aca-4ad03aa0480f
[35m[HTTP][39m [37m<-- GET /wd/hub/session/8e6ed75c-215a-4c50-8aca-4ad03aa0480f/source [39m[32m200[39m [90m612 ms - 4846[39m
[35m[HTTP][39m [90m[39m
[35m[HTTP][39m [37m-->[39m [37mGET[39m [37m/wd/hub/session/8e6ed75c-215a-4c50-8aca-4ad03aa0480f/screenshot[39m
[35m[HTTP][39m [90m{}[39m
[35m[HTTP][39m [37m<-- GET /wd/hub/session/8e6ed75c-215a-4c50-8aca-4ad03aa0480f/screenshot [39m[32m200[39m [90m220 ms - 108736[39m
[35m[HTTP][39m [90m[39m
[35m[HTTP][39m [37m-->[39m [37mDELETE[39m [37m/wd/hub/session/8e6ed75c-215a-4c50-8aca-4ad03aa0480f[39m
[35m[HTTP][39m [90m{}[39m
[35m[Appium][39m Removing session 8e6ed75c-215a-4c50-8aca-4ad03aa0480f from our master session list
[35m[HTTP][39m [37m<-- DELETE /wd/hub/session/8e6ed75c-215a-4c50-8aca-4ad03aa0480f [39m[32m200[39m [90m1021 ms - 14[39m
[35m[HTTP][39m [90m[39m
